------------------------------------------------------------
TimeQuest Timing Analyzer Summary
------------------------------------------------------------

Type  : Slow 1200mV 85C Model Setup 'clk'
Slack : 5.346
TNS   : 0.000

Type  : Slow 1200mV 85C Model Hold 'clk'
Slack : 0.402
TNS   : 0.000

Type  : Slow 1200mV 85C Model Recovery 'clk'
Slack : 1.784
TNS   : 0.000

Type  : Slow 1200mV 85C Model Removal 'clk'
Slack : 1.930
TNS   : 0.000

Type  : Slow 1200mV 85C Model Minimum Pulse Width 'clk'
Slack : 9.420
TNS   : 0.000

Type  : Slow 1200mV 0C Model Setup 'clk'
Slack : 6.760
TNS   : 0.000

Type  : Slow 1200mV 0C Model Hold 'clk'
Slack : 0.354
TNS   : 0.000

Type  : Slow 1200mV 0C Model Recovery 'clk'
Slack : 2.235
TNS   : 0.000

Type  : Slow 1200mV 0C Model Removal 'clk'
Slack : 1.707
TNS   : 0.000

Type  : Slow 1200mV 0C Model Minimum Pulse Width 'clk'
Slack : 9.444
TNS   : 0.000

Type  : Fast 1200mV 0C Model Setup 'clk'
Slack : 12.690
TNS   : 0.000

Type  : Fast 1200mV 0C Model Hold 'clk'
Slack : 0.181
TNS   : 0.000

Type  : Fast 1200mV 0C Model Recovery 'clk'
Slack : 2.846
TNS   : 0.000

Type  : Fast 1200mV 0C Model Removal 'clk'
Slack : 0.943
TNS   : 0.000

Type  : Fast 1200mV 0C Model Minimum Pulse Width 'clk'
Slack : 9.201
TNS   : 0.000

------------------------------------------------------------
