------------------------------------------------------------
TimeQuest Timing Analyzer Summary
------------------------------------------------------------

Type  : Slow 1200mV 85C Model Setup 'clk'
Slack : 0.650
TNS   : 0.000

Type  : Slow 1200mV 85C Model Hold 'clk'
Slack : 0.402
TNS   : 0.000

Type  : Slow 1200mV 85C Model Recovery 'clk'
Slack : 1.736
TNS   : 0.000

Type  : Slow 1200mV 85C Model Removal 'clk'
Slack : 2.061
TNS   : 0.000

Type  : Slow 1200mV 85C Model Minimum Pulse Width 'clk'
Slack : 9.493
TNS   : 0.000

Type  : Slow 1200mV 0C Model Setup 'clk'
Slack : 0.995
TNS   : 0.000

Type  : Slow 1200mV 0C Model Hold 'clk'
Slack : 0.354
TNS   : 0.000

Type  : Slow 1200mV 0C Model Recovery 'clk'
Slack : 2.110
TNS   : 0.000

Type  : Slow 1200mV 0C Model Removal 'clk'
Slack : 1.959
TNS   : 0.000

Type  : Slow 1200mV 0C Model Minimum Pulse Width 'clk'
Slack : 9.532
TNS   : 0.000

Type  : Fast 1200mV 0C Model Setup 'clk'
Slack : 1.374
TNS   : 0.000

Type  : Fast 1200mV 0C Model Hold 'clk'
Slack : 0.181
TNS   : 0.000

Type  : Fast 1200mV 0C Model Recovery 'clk'
Slack : 2.864
TNS   : 0.000

Type  : Fast 1200mV 0C Model Removal 'clk'
Slack : 0.962
TNS   : 0.000

Type  : Fast 1200mV 0C Model Minimum Pulse Width 'clk'
Slack : 9.373
TNS   : 0.000

------------------------------------------------------------
